<?xml version="1.0" encoding="UTF-8"?>
<testsuites name="jest tests" tests="181" failures="0" errors="0" time="6.389">
  <testsuite name="Database Library" errors="0" failures="0" skipped="0" timestamp="2026-06-29T21:49:03" time="4.48" tests="13">
    <testcase classname="Database Library getDatabaseConfig should return database configuration from EVAL_DATABASE_URL" name="Database Library getDatabaseConfig should return database configuration from EVAL_DATABASE_URL" time="0.005">
    </testcase>
    <testcase classname="Database Library getDatabaseConfig should return database configuration from environment" name="Database Library getDatabaseConfig should return database configuration from environment" time="0">
    </testcase>
    <testcase classname="Database Library getDatabaseConfig should handle missing environment variables" name="Database Library getDatabaseConfig should handle missing environment variables" time="0.018">
    </testcase>
    <testcase classname="Database Library getDatabaseConnection should create database connection successfully" name="Database Library getDatabaseConnection should create database connection successfully" time="0.001">
    </testcase>
    <testcase classname="Database Library insertDocument should insert document successfully" name="Database Library insertDocument should insert document successfully" time="0.001">
    </testcase>
    <testcase classname="Database Library insertDocument should handle insert errors" name="Database Library insertDocument should handle insert errors" time="0.001">
    </testcase>
    <testcase classname="Database Library updateDocument should update document successfully" name="Database Library updateDocument should update document successfully" time="0">
    </testcase>
    <testcase classname="Database Library deleteDocument should delete document successfully" name="Database Library deleteDocument should delete document successfully" time="0">
    </testcase>
    <testcase classname="Database Library searchDocuments should search documents with vector similarity" name="Database Library searchDocuments should search documents with vector similarity" time="0.001">
    </testcase>
    <testcase classname="Database Library searchDocuments should handle search errors" name="Database Library searchDocuments should handle search errors" time="0.001">
    </testcase>
    <testcase classname="Database Library bulkInsertDocuments should bulk insert documents successfully" name="Database Library bulkInsertDocuments should bulk insert documents successfully" time="0.001">
    </testcase>
    <testcase classname="Database Library bulkUpdateDocuments should bulk update documents successfully" name="Database Library bulkUpdateDocuments should bulk update documents successfully" time="0">
    </testcase>
    <testcase classname="Database Library bulkDeleteDocuments should bulk delete documents successfully" name="Database Library bulkDeleteDocuments should bulk delete documents successfully" time="0">
    </testcase>
  </testsuite>
  <testsuite name="rag" errors="0" failures="0" skipped="0" timestamp="2026-06-29T21:49:03" time="4.572" tests="19">
    <testcase classname="rag createEmbedding should create embedding successfully" name="rag createEmbedding should create embedding successfully" time="0.006">
    </testcase>
    <testcase classname="rag createEmbedding should handle API error" name="rag createEmbedding should handle API error" time="0.016">
    </testcase>
    <testcase classname="rag createEmbedding should use missing key when OPENAI_API_KEY is not set" name="rag createEmbedding should use missing key when OPENAI_API_KEY is not set" time="0.001">
    </testcase>
    <testcase classname="rag createSupplierContent should create content with all fields" name="rag createSupplierContent should create content with all fields" time="0.001">
    </testcase>
    <testcase classname="rag createSupplierContent should create content with minimal fields" name="rag createSupplierContent should create content with minimal fields" time="0">
    </testcase>
    <testcase classname="rag createSupplierContent should filter out null/undefined values" name="rag createSupplierContent should filter out null/undefined values" time="0">
    </testcase>
    <testcase classname="rag createSupplierContent should handle empty arrays" name="rag createSupplierContent should handle empty arrays" time="0.001">
    </testcase>
    <testcase classname="rag queryDocuments should query documents successfully" name="rag queryDocuments should query documents successfully" time="0.002">
    </testcase>
    <testcase classname="rag queryDocuments should use default parameters" name="rag queryDocuments should use default parameters" time="0.001">
    </testcase>
    <testcase classname="rag queryDocuments should filter by similarity threshold" name="rag queryDocuments should filter by similarity threshold" time="0.001">
    </testcase>
    <testcase classname="rag queryDocuments should handle empty query" name="rag queryDocuments should handle empty query" time="0.001">
    </testcase>
    <testcase classname="rag queryDocuments should handle no results" name="rag queryDocuments should handle no results" time="0">
    </testcase>
    <testcase classname="rag queryDocuments should handle database error" name="rag queryDocuments should handle database error" time="0.013">
    </testcase>
    <testcase classname="rag queryDocuments should handle searchDocuments error" name="rag queryDocuments should handle searchDocuments error" time="0">
    </testcase>
    <testcase classname="rag queryDocuments should close database connection on success" name="rag queryDocuments should close database connection on success" time="0.001">
    </testcase>
    <testcase classname="rag RAG tools findSuppliersTool propagates query failures instead of returning success: false" name="rag RAG tools findSuppliersTool propagates query failures instead of returning success: false" time="0">
    </testcase>
    <testcase classname="rag RAG tools findCompaniesTool propagates query failures instead of returning success: false" name="rag RAG tools findCompaniesTool propagates query failures instead of returning success: false" time="0.001">
    </testcase>
    <testcase classname="rag RAG tools findCostCentersTool propagates query failures instead of returning success: false" name="rag RAG tools findCostCentersTool propagates query failures instead of returning success: false" time="0">
    </testcase>
    <testcase classname="rag RAG tools findPaymentTermsTool propagates query failures instead of returning success: false" name="rag RAG tools findPaymentTermsTool propagates query failures instead of returning success: false" time="0">
    </testcase>
  </testsuite>
  <testsuite name="handlers" errors="0" failures="0" skipped="0" timestamp="2026-06-29T21:49:03" time="4.777" tests="12">
    <testcase classname="handlers withQueryHandler should create a query handler that invokes processor when pageSize is null" name="handlers withQueryHandler should create a query handler that invokes processor when pageSize is null" time="0.004">
    </testcase>
    <testcase classname="handlers withQueryHandler should create a query handler that paginates when pageSize is provided" name="handlers withQueryHandler should create a query handler that paginates when pageSize is provided" time="0.001">
    </testcase>
    <testcase classname="handlers withQueryHandler should handle empty data gracefully" name="handlers withQueryHandler should handle empty data gracefully" time="0">
    </testcase>
    <testcase classname="handlers withQueryHandler should resolve query from a function before executing" name="handlers withQueryHandler should resolve query from a function before executing" time="0">
    </testcase>
    <testcase classname="handlers withQueryHandler should send Slack notification and re-throw when executeQuery fails with pageSize" name="handlers withQueryHandler should send Slack notification and re-throw when executeQuery fails with pageSize" time="0.009">
    </testcase>
    <testcase classname="handlers withQueryHandler should pass resolved query string to processor when pageSize is null and query is a function" name="handlers withQueryHandler should pass resolved query string to processor when pageSize is null and query is a function" time="0">
    </testcase>
    <testcase classname="handlers withProcessorHandler should execute query when event contains query" name="handlers withProcessorHandler should execute query when event contains query" time="0.001">
    </testcase>
    <testcase classname="handlers withProcessorHandler should process data from payload when no query" name="handlers withProcessorHandler should process data from payload when no query" time="0">
    </testcase>
    <testcase classname="handlers withProcessorHandler should handle empty data gracefully" name="handlers withProcessorHandler should handle empty data gracefully" time="0.001">
    </testcase>
    <testcase classname="handlers withProcessorHandler should send Slack notification and re-throw when executeQuery fails" name="handlers withProcessorHandler should send Slack notification and re-throw when executeQuery fails" time="0.001">
    </testcase>
    <testcase classname="handlers withHandler should provide context to handler function" name="handlers withHandler should provide context to handler function" time="0">
    </testcase>
    <testcase classname="handlers withHandler should handle empty event" name="handlers withHandler should handle empty event" time="0">
    </testcase>
  </testsuite>
  <testsuite name="trigger_enrich_invoice handler" errors="0" failures="0" skipped="0" timestamp="2026-06-29T21:49:03" time="4.781" tests="10">
    <testcase classname="trigger_enrich_invoice handler returns 401 when Authorization header is missing" name="trigger_enrich_invoice handler returns 401 when Authorization header is missing" time="0.004">
    </testcase>
    <testcase classname="trigger_enrich_invoice handler returns 401 when bearer token is invalid" name="trigger_enrich_invoice handler returns 401 when bearer token is invalid" time="0">
    </testcase>
    <testcase classname="trigger_enrich_invoice handler returns 400 when supplierInvoiceId is missing" name="trigger_enrich_invoice handler returns 400 when supplierInvoiceId is missing" time="0">
    </testcase>
    <testcase classname="trigger_enrich_invoice handler returns 400 when body is invalid JSON" name="trigger_enrich_invoice handler returns 400 when body is invalid JSON" time="0.018">
    </testcase>
    <testcase classname="trigger_enrich_invoice handler accepts an unquoted supplierInvoiceId WID in the request body" name="trigger_enrich_invoice handler accepts an unquoted supplierInvoiceId WID in the request body" time="0.001">
    </testcase>
    <testcase classname="trigger_enrich_invoice handler returns 404 when invoice is not found by WID or invoice number" name="trigger_enrich_invoice handler returns 404 when invoice is not found by WID or invoice number" time="0">
    </testcase>
    <testcase classname="trigger_enrich_invoice handler falls back to invoice number lookup when WID lookup returns no rows" name="trigger_enrich_invoice handler falls back to invoice number lookup when WID lookup returns no rows" time="0.001">
    </testcase>
    <testcase classname="trigger_enrich_invoice handler returns 202 and invokes processor when request is valid" name="trigger_enrich_invoice handler returns 202 and invokes processor when request is valid" time="0.001">
    </testcase>
    <testcase classname="trigger_enrich_invoice handler clears validation failure record before invoking processor" name="trigger_enrich_invoice handler clears validation failure record before invoking processor" time="0">
    </testcase>
    <testcase classname="trigger_enrich_invoice handler clears validation failure using resolved workdayID when lookup is by invoice number" name="trigger_enrich_invoice handler clears validation failure using resolved workdayID when lookup is by invoice number" time="0.002">
    </testcase>
  </testsuite>
  <testsuite name="refresh_suppliers" errors="0" failures="0" skipped="0" timestamp="2026-06-29T21:49:08" time="0.099" tests="3">
    <testcase classname="refresh_suppliers should complete refresh process successfully" name="refresh_suppliers should complete refresh process successfully" time="0.001">
    </testcase>
    <testcase classname="refresh_suppliers should handle no suppliers found" name="refresh_suppliers should handle no suppliers found" time="0.001">
    </testcase>
    <testcase classname="refresh_suppliers should handle errors gracefully" name="refresh_suppliers should handle errors gracefully" time="0.003">
    </testcase>
  </testsuite>
  <testsuite name="clearInvoiceValidationFailure" errors="0" failures="0" skipped="0" timestamp="2026-06-29T21:49:08" time="0.35" tests="4">
    <testcase classname="clearInvoiceValidationFailure does nothing when config is undefined" name="clearInvoiceValidationFailure does nothing when config is undefined" time="0.002">
    </testcase>
    <testcase classname="clearInvoiceValidationFailure does nothing when invoiceWorkdayID is empty" name="clearInvoiceValidationFailure does nothing when invoiceWorkdayID is empty" time="0.001">
    </testcase>
    <testcase classname="clearInvoiceValidationFailure deletes the validation failure record by invoiceWorkdayID" name="clearInvoiceValidationFailure deletes the validation failure record by invoiceWorkdayID" time="0.009">
    </testcase>
    <testcase classname="clearInvoiceValidationFailure ignores missing records without affecting other table items" name="clearInvoiceValidationFailure ignores missing records without affecting other table items" time="0.001">
    </testcase>
  </testsuite>
  <testsuite name="invoice_validation_failures" errors="0" failures="0" skipped="0" timestamp="2026-06-29T21:49:08" time="0.043" tests="9">
    <testcase classname="invoice_validation_failures returns the plain validation message from an Error" name="invoice_validation_failures returns the plain validation message from an Error" time="0.001">
    </testcase>
    <testcase classname="invoice_validation_failures prefers a Workday validation message nested in detail" name="invoice_validation_failures prefers a Workday validation message nested in detail" time="0.001">
    </testcase>
    <testcase classname="invoice_validation_failures reads Workday Validation_Error message and xpath details" name="invoice_validation_failures reads Workday Validation_Error message and xpath details" time="0">
    </testcase>
    <testcase classname="invoice_validation_failures does not classify an empty validation fault shape as a usable validation error" name="invoice_validation_failures does not classify an empty validation fault shape as a usable validation error" time="0.001">
    </testcase>
    <testcase classname="invoice_validation_failures reads standard SOAP fault strings" name="invoice_validation_failures reads standard SOAP fault strings" time="0.001">
    </testcase>
    <testcase classname="invoice_validation_failures does not classify AI or Zod schema validation failures as Workday validation errors" name="invoice_validation_failures does not classify AI or Zod schema validation failures as Workday validation errors" time="0">
    </testcase>
    <testcase classname="invoice_validation_failures does not classify RAG or infrastructure errors mentioning validation as Workday validation errors" name="invoice_validation_failures does not classify RAG or infrastructure errors mentioning validation as Workday validation errors" time="0">
    </testcase>
    <testcase classname="invoice_validation_failures getInvoiceValidationFailuresConfig returns undefined when table name env var is missing" name="invoice_validation_failures getInvoiceValidationFailuresConfig returns undefined when table name env var is missing" time="0">
    </testcase>
    <testcase classname="invoice_validation_failures getInvoiceValidationFailuresConfig returns config when table name env var is set" name="invoice_validation_failures getInvoiceValidationFailuresConfig returns config when table name env var is set" time="0.001">
    </testcase>
  </testsuite>
  <testsuite name="QueryDocuments" errors="0" failures="0" skipped="0" timestamp="2026-06-29T21:49:08" time="0.42" tests="5">
    <testcase classname="QueryDocuments should query documents successfully" name="QueryDocuments should query documents successfully" time="0.008">
    </testcase>
    <testcase classname="QueryDocuments should handle empty query" name="QueryDocuments should handle empty query" time="0.01">
    </testcase>
    <testcase classname="QueryDocuments should handle database errors" name="QueryDocuments should handle database errors" time="0">
    </testcase>
    <testcase classname="QueryDocuments should query all document types when no type specified" name="QueryDocuments should query all document types when no type specified" time="0.001">
    </testcase>
    <testcase classname="QueryDocuments should return empty results when no matches found" name="QueryDocuments should return empty results when no matches found" time="0">
    </testcase>
  </testsuite>
  <testsuite name="eval scorers" errors="0" failures="0" skipped="0" timestamp="2026-06-29T21:49:08" time="0.034" tests="3">
    <testcase classname="eval scorers scores validation field matches" name="eval scorers scores validation field matches" time="0">
    </testcase>
    <testcase classname="eval scorers scores invoice line merge fields" name="eval scorers scores invoice line merge fields" time="0.001">
    </testcase>
    <testcase classname="eval scorers scores supplier rag hit rates" name="eval scorers scores supplier rag hit rates" time="0">
    </testcase>
  </testsuite>
  <testsuite name="api_auth" errors="0" failures="0" skipped="0" timestamp="2026-06-29T21:49:08" time="0.042" tests="7">
    <testcase classname="api_auth extractBearerToken returns null when header is undefined" name="api_auth extractBearerToken returns null when header is undefined" time="0.001">
    </testcase>
    <testcase classname="api_auth extractBearerToken returns null when header is malformed" name="api_auth extractBearerToken returns null when header is malformed" time="0">
    </testcase>
    <testcase classname="api_auth extractBearerToken extracts token from Bearer header" name="api_auth extractBearerToken extracts token from Bearer header" time="0">
    </testcase>
    <testcase classname="api_auth isAuthorizedBearer returns false when tokens are missing" name="api_auth isAuthorizedBearer returns false when tokens are missing" time="0.001">
    </testcase>
    <testcase classname="api_auth isAuthorizedBearer returns false when tokens differ in length" name="api_auth isAuthorizedBearer returns false when tokens differ in length" time="0">
    </testcase>
    <testcase classname="api_auth isAuthorizedBearer returns false when tokens differ" name="api_auth isAuthorizedBearer returns false when tokens differ" time="0">
    </testcase>
    <testcase classname="api_auth isAuthorizedBearer returns true when tokens match" name="api_auth isAuthorizedBearer returns true when tokens match" time="0">
    </testcase>
  </testsuite>
  <testsuite name="S3 Library" errors="0" failures="0" skipped="0" timestamp="2026-06-29T21:49:08" time="0.186" tests="9">
    <testcase classname="S3 Library getS3Config should return S3 configuration from environment" name="S3 Library getS3Config should return S3 configuration from environment" time="0.001">
    </testcase>
    <testcase classname="S3 Library getS3Config should throw error when S3_BUCKET_NAME is missing" name="S3 Library getS3Config should throw error when S3_BUCKET_NAME is missing" time="0.016">
    </testcase>
    <testcase classname="S3 Library putBinaryToS3 should upload binary data to S3 successfully" name="S3 Library putBinaryToS3 should upload binary data to S3 successfully" time="0.014">
    </testcase>
    <testcase classname="S3 Library putBinaryToS3 should handle S3 upload errors" name="S3 Library putBinaryToS3 should handle S3 upload errors" time="0.001">
    </testcase>
    <testcase classname="S3 Library getPresignedUrl should generate presigned URL successfully" name="S3 Library getPresignedUrl should generate presigned URL successfully" time="0">
    </testcase>
    <testcase classname="S3 Library getPresignedUrl should handle presigned URL generation errors" name="S3 Library getPresignedUrl should handle presigned URL generation errors" time="0">
    </testcase>
    <testcase classname="S3 Library uploadAttachmentToS3 should upload attachment and return presigned URL" name="S3 Library uploadAttachmentToS3 should upload attachment and return presigned URL" time="0.005">
    </testcase>
    <testcase classname="S3 Library uploadAttachmentToS3 should handle upload errors" name="S3 Library uploadAttachmentToS3 should handle upload errors" time="0.001">
    </testcase>
    <testcase classname="S3 Library uploadAttachmentToS3 should handle presigned URL generation errors" name="S3 Library uploadAttachmentToS3 should handle presigned URL generation errors" time="0">
    </testcase>
  </testsuite>
  <testsuite name="supplier RAG eval" errors="0" failures="0" skipped="1" timestamp="2026-06-29T21:49:08" time="0.21" tests="1">
    <testcase classname="supplier RAG eval retrieves the expected supplier workday_id" name="supplier RAG eval retrieves the expected supplier workday_id" time="0">
      <skipped/>
    </testcase>
  </testsuite>
  <testsuite name="cache_suppliers" errors="0" failures="0" skipped="0" timestamp="2026-06-29T21:49:03" time="5.193" tests="5">
    <testcase classname="cache_suppliers should process supplier cache with new format" name="cache_suppliers should process supplier cache with new format" time="0.006">
    </testcase>
    <testcase classname="cache_suppliers should handle suppliers with missing optional fields" name="cache_suppliers should handle suppliers with missing optional fields" time="0.001">
    </testcase>
    <testcase classname="cache_suppliers should skip processing when no data received" name="cache_suppliers should skip processing when no data received" time="0.001">
    </testcase>
    <testcase classname="cache_suppliers should handle null/undefined data gracefully" name="cache_suppliers should handle null/undefined data gracefully" time="0.001">
    </testcase>
    <testcase classname="cache_suppliers should transform supplier data correctly" name="cache_suppliers should transform supplier data correctly" time="0.001">
    </testcase>
  </testsuite>
  <testsuite name="AI utilities" errors="0" failures="0" skipped="0" timestamp="2026-06-29T21:49:08" time="0.369" tests="4">
    <testcase classname="AI utilities getAiResponse should make API call with correct parameters" name="AI utilities getAiResponse should make API call with correct parameters" time="0.001">
    </testcase>
    <testcase classname="AI utilities getAiResponse should add system prompt if not present" name="AI utilities getAiResponse should add system prompt if not present" time="0">
    </testcase>
    <testcase classname="AI utilities getAiResponse should return structured output when schema is provided" name="AI utilities getAiResponse should return structured output when schema is provided" time="0.001">
    </testcase>
    <testcase classname="AI utilities getAiResponse should handle API errors" name="AI utilities getAiResponse should handle API errors" time="0.008">
    </testcase>
  </testsuite>
  <testsuite name="validation field classifier eval" errors="0" failures="0" skipped="1" timestamp="2026-06-29T21:49:08" time="0.589" tests="1">
    <testcase classname="validation field classifier eval classifies Workday validation faults into retry fields" name="validation field classifier eval classifies Workday validation faults into retry fields" time="0">
      <skipped/>
    </testcase>
  </testsuite>
  <testsuite name="enrich_invoice" errors="0" failures="0" skipped="0" timestamp="2026-06-29T21:49:03" time="5.719" tests="14">
    <testcase classname="enrich_invoice should process supplier enrichment event with new format" name="enrich_invoice should process supplier enrichment event with new format" time="0.004">
    </testcase>
    <testcase classname="enrich_invoice should handle missing supplier and identify supplier" name="enrich_invoice should handle missing supplier and identify supplier" time="0">
    </testcase>
    <testcase classname="enrich_invoice should pass PDF attachments to the AI as file parts" name="enrich_invoice should pass PDF attachments to the AI as file parts" time="0.002">
    </testcase>
    <testcase classname="enrich_invoice should skip processing when supplier already exists" name="enrich_invoice should skip processing when supplier already exists" time="0">
    </testcase>
    <testcase classname="enrich_invoice should handle missing supplier cache gracefully" name="enrich_invoice should handle missing supplier cache gracefully" time="0.001">
    </testcase>
    <testcase classname="enrich_invoice should skip processing invoices already marked in the validation skip registry" name="enrich_invoice should skip processing invoices already marked in the validation skip registry" time="0">
    </testcase>
    <testcase classname="enrich_invoice should record validation failures and avoid rethrowing them" name="enrich_invoice should record validation failures and avoid rethrowing them" time="0.01">
    </testcase>
    <testcase classname="enrich_invoice should continue throwing non-validation processing errors" name="enrich_invoice should continue throwing non-validation processing errors" time="0.001">
    </testcase>
    <testcase classname="enrich_invoice should continue throwing AI or Zod schema validation errors without recording in skip registry" name="enrich_invoice should continue throwing AI or Zod schema validation errors without recording in skip registry" time="0.001">
    </testcase>
    <testcase classname="enrich_invoice should continue throwing RAG tool failures without recording in skip registry" name="enrich_invoice should continue throwing RAG tool failures without recording in skip registry" time="0.001">
    </testcase>
    <testcase classname="enrich_invoice should notify Slack and stop retrying Workday task-not-authorized errors" name="enrich_invoice should notify Slack and stop retrying Workday task-not-authorized errors" time="0.001">
    </testcase>
    <testcase classname="enrich_invoice should handle batching with hardcoded configuration" name="enrich_invoice should handle batching with hardcoded configuration" time="0">
    </testcase>
    <testcase classname="enrich_invoice should pass extracted invoice date to Workday update calls" name="enrich_invoice should pass extracted invoice date to Workday update calls" time="0.001">
    </testcase>
    <testcase classname="enrich_invoice should note when invoice date defaults to the first day of the current month" name="enrich_invoice should note when invoice date defaults to the first day of the current month" time="0.001">
    </testcase>
  </testsuite>
  <testsuite name="invoice line merge eval" errors="0" failures="0" skipped="1" timestamp="2026-06-29T21:49:08" time="0.731" tests="1">
    <testcase classname="invoice line merge eval maps extracted invoice lines to PO worktags" name="invoice line merge eval maps extracted invoice lines to PO worktags" time="0">
      <skipped/>
    </testcase>
  </testsuite>
  <testsuite name="Workday utilities" errors="0" failures="0" skipped="0" timestamp="2026-06-29T21:49:03" time="5.893" tests="61">
    <testcase classname="Workday utilities getWorkdayConfig should extract configuration from environment variables" name="Workday utilities getWorkdayConfig should extract configuration from environment variables" time="0.004">
    </testcase>
    <testcase classname="Workday utilities getWorkdayConfig should handle missing environment variables" name="Workday utilities getWorkdayConfig should handle missing environment variables" time="0">
    </testcase>
    <testcase classname="Workday utilities executeWorkdayQuery should execute WQL query successfully" name="Workday utilities executeWorkdayQuery should execute WQL query successfully" time="0.002">
    </testcase>
    <testcase classname="Workday utilities executeWorkdayQuery should handle query response with new format" name="Workday utilities executeWorkdayQuery should handle query response with new format" time="0">
    </testcase>
    <testcase classname="Workday utilities executeWorkdayQuery should handle empty query response" name="Workday utilities executeWorkdayQuery should handle empty query response" time="0.001">
    </testcase>
    <testcase classname="Workday utilities executeWorkdayQuery should handle query response without data property" name="Workday utilities executeWorkdayQuery should handle query response without data property" time="0">
    </testcase>
    <testcase classname="Workday utilities executeWorkdayQuery should throw error when token request fails" name="Workday utilities executeWorkdayQuery should throw error when token request fails" time="0.039">
    </testcase>
    <testcase classname="Workday utilities executeWorkdayQuery should throw error when token response has no access_token" name="Workday utilities executeWorkdayQuery should throw error when token response has no access_token" time="0">
    </testcase>
    <testcase classname="Workday utilities executeWorkdayQuery should throw error when query request fails" name="Workday utilities executeWorkdayQuery should throw error when query request fails" time="0.001">
    </testcase>
    <testcase classname="Workday utilities executeWorkdayQuery should construct correct URLs for token and query requests" name="Workday utilities executeWorkdayQuery should construct correct URLs for token and query requests" time="0.001">
    </testcase>
    <testcase classname="Workday utilities getSupplierInvoiceWithAttachments should handle SOAP client creation error" name="Workday utilities getSupplierInvoiceWithAttachments should handle SOAP client creation error" time="0.001">
    </testcase>
    <testcase classname="Workday utilities getSupplierInvoiceWithAttachments should handle SOAP request error" name="Workday utilities getSupplierInvoiceWithAttachments should handle SOAP request error" time="0.001">
    </testcase>
    <testcase classname="Workday utilities getSupplierInvoiceWithAttachments should handle missing invoice in response" name="Workday utilities getSupplierInvoiceWithAttachments should handle missing invoice in response" time="0.001">
    </testcase>
    <testcase classname="Workday utilities getSupplierInvoiceWithAttachments should process invoice with attachments successfully" name="Workday utilities getSupplierInvoiceWithAttachments should process invoice with attachments successfully" time="0">
    </testcase>
    <testcase classname="Workday utilities getSupplierInvoiceWithAttachments should handle invoice without attachments" name="Workday utilities getSupplierInvoiceWithAttachments should handle invoice without attachments" time="0.001">
    </testcase>
    <testcase classname="Workday utilities submitSupplierInvoiceUpdate should throw error when invoice not found" name="Workday utilities submitSupplierInvoiceUpdate should throw error when invoice not found" time="0">
    </testcase>
    <testcase classname="Workday utilities submitSupplierInvoiceUpdate should handle SOAP update error" name="Workday utilities submitSupplierInvoiceUpdate should handle SOAP update error" time="0.001">
    </testcase>
    <testcase classname="Workday utilities submitSupplierInvoiceUpdate should retry invoice date validation faults with the default invoice date" name="Workday utilities submitSupplierInvoiceUpdate should retry invoice date validation faults with the default invoice date" time="0.003">
    </testcase>
    <testcase classname="Workday utilities submitSupplierInvoiceUpdate should not repair-retry validation faults when that field already uses a fallback value" name="Workday utilities submitSupplierInvoiceUpdate should not repair-retry validation faults when that field already uses a fallback value" time="0.006">
    </testcase>
    <testcase classname="Workday utilities submitSupplierInvoiceUpdate should retry payment terms validation faults with fallback payment terms" name="Workday utilities submitSupplierInvoiceUpdate should retry payment terms validation faults with fallback payment terms" time="0.001">
    </testcase>
    <testcase classname="Workday utilities submitSupplierInvoiceUpdate should retry only the failing non-fallback field when another field already uses a fallback" name="Workday utilities submitSupplierInvoiceUpdate should retry only the failing non-fallback field when another field already uses a fallback" time="0.002">
    </testcase>
    <testcase classname="Workday utilities submitSupplierInvoiceUpdate should repeat field-specific fallback retries for new validation fields up to three attempts" name="Workday utilities submitSupplierInvoiceUpdate should repeat field-specific fallback retries for new validation fields up to three attempts" time="0.001">
    </testcase>
    <testcase classname="Workday utilities submitSupplierInvoiceUpdate should rethrow validation faults after a fallback retry fails" name="Workday utilities submitSupplierInvoiceUpdate should rethrow validation faults after a fallback retry fails" time="0.001">
    </testcase>
    <testcase classname="Workday utilities submitSupplierInvoiceUpdate should not retry validation faults without a matching configured fallback field" name="Workday utilities submitSupplierInvoiceUpdate should not retry validation faults without a matching configured fallback field" time="0.002">
    </testcase>
    <testcase classname="Workday utilities submitSupplierInvoiceUpdate should update supplier successfully" name="Workday utilities submitSupplierInvoiceUpdate should update supplier successfully" time="0.001">
    </testcase>
    <testcase classname="Workday utilities submitSupplierInvoiceUpdate should default invoice date to the first day of the current month when document date is unavailable" name="Workday utilities submitSupplierInvoiceUpdate should default invoice date to the first day of the current month when document date is unavailable" time="0">
    </testcase>
    <testcase classname="Workday utilities submitSupplierInvoiceUpdate should preserve optional fields when present" name="Workday utilities submitSupplierInvoiceUpdate should preserve optional fields when present" time="0.001">
    </testcase>
    <testcase classname="Workday utilities submitSupplierInvoiceUpdate should include work queue tag when environment variable is set" name="Workday utilities submitSupplierInvoiceUpdate should include work queue tag when environment variable is set" time="0">
    </testcase>
    <testcase classname="Workday utilities submitSupplierInvoiceUpdate should include memo when provided" name="Workday utilities submitSupplierInvoiceUpdate should include memo when provided" time="0.001">
    </testcase>
    <testcase classname="Workday utilities submitSupplierInvoiceUpdate should not include memo when not provided" name="Workday utilities submitSupplierInvoiceUpdate should not include memo when not provided" time="0">
    </testcase>
    <testcase classname="Workday utilities submitSupplierInvoiceUpdate should preserve existing memo when invoice already has one" name="Workday utilities submitSupplierInvoiceUpdate should preserve existing memo when invoice already has one" time="0.001">
    </testcase>
    <testcase classname="Workday utilities submitSupplierInvoiceUpdate should include completed invoice lines in submit" name="Workday utilities submitSupplierInvoiceUpdate should include completed invoice lines in submit" time="0">
    </testcase>
    <testcase classname="Workday utilities submitSupplierInvoiceUpdate should apply default OCR spend category to incomplete lines missing a spend category" name="Workday utilities submitSupplierInvoiceUpdate should apply default OCR spend category to incomplete lines missing a spend category" time="0.001">
    </testcase>
    <testcase classname="Workday utilities submitSupplierInvoiceUpdate should apply default OCR spend category to incomplete lines while preserving existing categories" name="Workday utilities submitSupplierInvoiceUpdate should apply default OCR spend category to incomplete lines while preserving existing categories" time="0.001">
    </testcase>
    <testcase classname="Workday utilities submitSupplierInvoiceUpdate should not apply fallback payment terms unless payment terms validation fails" name="Workday utilities submitSupplierInvoiceUpdate should not apply fallback payment terms unless payment terms validation fails" time="0">
    </testcase>
    <testcase classname="Workday utilities submitSupplierInvoiceUpdate should not override existing payment terms with fallback" name="Workday utilities submitSupplierInvoiceUpdate should not override existing payment terms with fallback" time="0">
    </testcase>
    <testcase classname="Workday utilities submitSupplierInvoiceUpdate should apply fallback worktags on first submission when line is missing those worktag types" name="Workday utilities submitSupplierInvoiceUpdate should apply fallback worktags on first submission when line is missing those worktag types" time="0.001">
    </testcase>
    <testcase classname="Workday utilities submitSupplierInvoiceUpdate should only apply fallback for worktag types that are absent from the line" name="Workday utilities submitSupplierInvoiceUpdate should only apply fallback for worktag types that are absent from the line" time="0">
    </testcase>
    <testcase classname="Workday utilities submitSupplierInvoiceUpdate finalLines should build invoice lines from finalLines with all worktags applied" name="Workday utilities submitSupplierInvoiceUpdate finalLines should build invoice lines from finalLines with all worktags applied" time="0">
    </testcase>
    <testcase classname="Workday utilities submitSupplierInvoiceUpdate finalLines should use Line_Order from finalLines for each line" name="Workday utilities submitSupplierInvoiceUpdate finalLines should use Line_Order from finalLines for each line" time="0.001">
    </testcase>
    <testcase classname="Workday utilities submitSupplierInvoiceUpdate finalLines should omit optional fields when null" name="Workday utilities submitSupplierInvoiceUpdate finalLines should omit optional fields when null" time="0">
    </testcase>
    <testcase classname="Workday utilities submitSupplierInvoiceUpdate finalLines should include Purchase_Order_Line_Reference when purchaseOrderLineId is present" name="Workday utilities submitSupplierInvoiceUpdate finalLines should include Purchase_Order_Line_Reference when purchaseOrderLineId is present" time="0.001">
    </testcase>
    <testcase classname="Workday utilities submitSupplierInvoiceUpdate finalLines should append fallback worktags to finalLines missing those worktag types" name="Workday utilities submitSupplierInvoiceUpdate finalLines should append fallback worktags to finalLines missing those worktag types" time="0">
    </testcase>
    <testcase classname="Workday utilities submitSupplierInvoiceUpdate finalLines should replace cost center with fallback on worktag validation fault retry" name="Workday utilities submitSupplierInvoiceUpdate finalLines should replace cost center with fallback on worktag validation fault retry" time="0.001">
    </testcase>
    <testcase classname="Workday utilities parsePurchaseOrderLines should parse a single service line" name="Workday utilities parsePurchaseOrderLines should parse a single service line" time="0.001">
    </testcase>
    <testcase classname="Workday utilities parsePurchaseOrderLines should parse multiple service lines" name="Workday utilities parsePurchaseOrderLines should parse multiple service lines" time="0">
    </testcase>
    <testcase classname="Workday utilities parsePurchaseOrderLines should handle Purchase_Order as an array" name="Workday utilities parsePurchaseOrderLines should handle Purchase_Order as an array" time="0">
    </testcase>
    <testcase classname="Workday utilities parsePurchaseOrderLines should return empty array when Response_Data is missing" name="Workday utilities parsePurchaseOrderLines should return empty array when Response_Data is missing" time="0">
    </testcase>
    <testcase classname="Workday utilities parsePurchaseOrderLines should return empty array when Purchase_Order_Data is missing" name="Workday utilities parsePurchaseOrderLines should return empty array when Purchase_Order_Data is missing" time="0">
    </testcase>
    <testcase classname="Workday utilities parsePurchaseOrderLines should return empty array when no service lines exist" name="Workday utilities parsePurchaseOrderLines should return empty array when no service lines exist" time="0.001">
    </testcase>
    <testcase classname="Workday utilities parsePurchaseOrderLines should handle a line with no worktags" name="Workday utilities parsePurchaseOrderLines should handle a line with no worktags" time="0">
    </testcase>
    <testcase classname="Workday utilities parsePurchaseOrderLines should handle a line with a single Worktags_Reference object (not array)" name="Workday utilities parsePurchaseOrderLines should handle a line with a single Worktags_Reference object (not array)" time="0">
    </testcase>
    <testcase classname="Workday utilities parsePurchaseOrderLines should handle a line missing optional fields" name="Workday utilities parsePurchaseOrderLines should handle a line missing optional fields" time="0">
    </testcase>
    <testcase classname="Workday utilities annotateSupplierInvoice should not fallback-retry validation faults when only annotating invoice data" name="Workday utilities annotateSupplierInvoice should not fallback-retry validation faults when only annotating invoice data" time="0.001">
    </testcase>
    <testcase classname="Workday utilities annotateSupplierInvoice should use the existing invoice date from Workday, not default to first of month" name="Workday utilities annotateSupplierInvoice should use the existing invoice date from Workday, not default to first of month" time="0.001">
    </testcase>
    <testcase classname="Workday utilities annotateSupplierInvoice should throw instead of defaulting when annotating an invoice without an existing invoice date" name="Workday utilities annotateSupplierInvoice should throw instead of defaulting when annotating an invoice without an existing invoice date" time="0">
    </testcase>
    <testcase classname="Workday utilities annotateSupplierInvoice should use the existing invoice date when it is a Date object from the SOAP library" name="Workday utilities annotateSupplierInvoice should use the existing invoice date when it is a Date object from the SOAP library" time="0.006">
    </testcase>
    <testcase classname="Workday utilities getAllPaymentTerms should parse payment terms from Response_Data.Payment_Term array" name="Workday utilities getAllPaymentTerms should parse payment terms from Response_Data.Payment_Term array" time="0.001">
    </testcase>
    <testcase classname="Workday utilities getAllPaymentTerms should handle a single Payment_Term object (non-array) via concat normalisation" name="Workday utilities getAllPaymentTerms should handle a single Payment_Term object (non-array) via concat normalisation" time="0">
    </testcase>
    <testcase classname="Workday utilities getAllPaymentTerms should return empty array when Response_Data has no Payment_Term" name="Workday utilities getAllPaymentTerms should return empty array when Response_Data has no Payment_Term" time="0.001">
    </testcase>
    <testcase classname="Workday utilities getAllPaymentTerms should skip entries missing paymentTermsId or name" name="Workday utilities getAllPaymentTerms should skip entries missing paymentTermsId or name" time="0">
    </testcase>
  </testsuite>
</testsuites>